exports[`NewsSearch stateless component snapshot test of the component 1`] = `
<div
  className="jumbotron col-md-8 offset-md-2"
  style={
    Object {
      "backgroundColor": "transparent",
    }
  }>
  <h1
    className="display-3">
    News Sources
  </h1>
  <hr />
</div>
`;
